// Jest Snapshot v1, https://goo.gl/fbAQLP

exports[`Test Initial Page should match with snapshot 1`] = `
<div>
  <div
    class="h-screen pt-14"
  >
    <div
      class="fixed top-0 z-10 w-full py-3 text-white bg-green-700"
    >
      <div
        class="flex justify-between max-w-screen-xl px-5 mx-auto 2xl:px-0"
      >
        <h1
          class="text-2xl font-bold"
        >
          <span>
            PhoneWords
          </span>
        </h1>
        <select
          class="px-2 bg-transparent"
        >
          <option
            value="en"
          >
            EN
          </option>
          <option
            value="es"
          >
            ES
          </option>
          <option
            value="pt"
          >
            PT
          </option>
          <option
            value="ko"
          >
            KO
          </option>
          <option
            value="ja"
          >
            JA
          </option>
          <option
            value="fr"
          >
            FR
          </option>
          <option
            value="de"
          >
            DE
          </option>
        </select>
        <div
          class="flex items-center text-xl font-bold cursor-pointer lg:hidden"
        >
          <svg
            aria-hidden="true"
            class="MuiSvgIcon-root MuiSvgIcon-fontSizeLarge"
            focusable="false"
            viewBox="0 0 24 24"
          >
            <path
              d="M15.41 7.41L14 6l-6 6 6 6 1.41-1.41L10.83 12z"
            />
          </svg>
          Back
        </div>
      </div>
    </div>
    <main
      class="overflow-y-auto"
      style="height: calc(100vh - 135px);"
    >
      Test
    </main>
    <footer
      class="fixed bottom-0 w-full py-2 text-sm font-bold text-center text-white bg-green-700"
    >
      Created by Claudivan
    </footer>
  </div>
</div>
`;
